<html>
<body>
<pre>
<h1>µVision Build Log</h1>
<h2>Tool Versions:</h2>
IDE-Version: ¦ÌVision V5.18.0.0
Copyright (C) 2016 ARM Ltd and ARM Germany GmbH. All rights reserved.
License Information: 156 dell, 4455456, LIC=DSNRA-15RCD-78QFD-8UXXR-XPR1F-BKZIR
 
Tool Versions:
Toolchain:       MDK-ARM Professional  Version: 5.18
Toolchain Path:  D:\keil 5\ARM\ARMCC\Bin
C Compiler:      Armcc.exe V5.06 update 1 (build 61)
Assembler:       Armasm.exe V5.06 update 1 (build 61)
Linker/Locator:  ArmLink.exe V5.06 update 1 (build 61)
Library Manager: ArmAr.exe V5.06 update 1 (build 61)
Hex Converter:   FromElf.exe V5.06 update 1 (build 61)
CPU DLL:         SARMCM3.DLL V5.18
Dialog DLL:      DARMSTM.DLL V1.65.0.0
Target DLL:      STLink\ST-LINKIII-KEIL_SWO.dll V2.0.18.0
Dialog DLL:      TARMSTM.DLL V1.64.0.0
 
<h2>Project:</h2>
G:\USV\code\USV-2.0-0820\USV-2.0\USER\USV.uvprojx
Project File Date:  08/19/2024

<h2>Output:</h2>
*** Using Compiler 'V5.06 update 1 (build 61)', folder: 'D:\keil 5\ARM\ARMCC\Bin'
Rebuild target 'USART'
compiling can.c...
..\HARDWARE\CAN\can.c(166): warning:  #177-D: variable "i" was declared but never referenced
  		int i=0;
..\HARDWARE\CAN\can.c: 1 warning, 0 errors
compiling stm32f10x_it.c...
compiling system_stm32f10x.c...
compiling key.c...
..\HARDWARE\KEY\key.c(28): warning:  #940-D: missing return statement at end of non-void function "KEY_Scan"
  }
..\HARDWARE\KEY\key.c: 1 warning, 0 errors
compiling main.c...
compiling led.c...
compiling timer.c...
assembling startup_stm32f10x_md.s...
compiling sbus.c...
..\HARDWARE\SBUS\sbus.c(29): warning:  #177-D: variable "CH" was declared but never referenced
  static uint16_t CH[6]={0};
..\HARDWARE\SBUS\sbus.c: 1 warning, 0 errors
compiling core_cm3.c...
compiling delay.c...
compiling misc.c...
compiling usart.c...
..\SYSTEM\usart\usart.c(37): warning:  #940-D: missing return statement at end of non-void function "_sys_exit"
  } 
..\SYSTEM\usart\usart.c: 1 warning, 0 errors
compiling stm32f10x_gpio.c...
compiling sys.c...
compiling stm32f10x_rcc.c...
compiling stm32f10x_usart.c...
compiling stm32f10x_can.c...
compiling stm32f10x_tim.c...
linking...
Program Size: Code=20452 RO-data=504 RW-data=168 ZI-data=2656  
FromELF: creating hex file...
"..\OBJ\USART.axf" - 0 Error(s), 4 Warning(s).

<h2>Collection of Component include folders:</h2>
  G:\USV\code\USV-2.0-0820\USV-2.0\USER\RTE
  D:\keil 5\ARM\PACK\Keil\STM32F1xx_DFP\2.3.0\Device\Include

<h2>Collection of Component Files used:</h2>
Build Time Elapsed:  00:00:04
</pre>
</body>
</html>
